[xcraftcabinetry.com/index.html]
[backblue.gif]
[fade.gif]
[index.html]
[xcraftcabinetry.com/css/style.css]
[xcraftcabinetry.com/products.html]
[xcraftcabinetry.com/specification.html]
[xcraftcabinetry.com/portfolio.html]
[xcraftcabinetry.com/about.html]
[xcraftcabinetry.com/faq.html]
[xcraftcabinetry.com/blog.html]
[xcraftcabinetry.com/contact.html]
[xcraftcabinetry.com/quote.html]
[xcraftcabinetry.com/images/_.jpg]
[xcraftcabinetry.com/images/craftsman-white-shaker-kitchen-cabinet-2.webp]
[xcraftcabinetry.com/images/3yudlJ5C_1512x.webp]
[xcraftcabinetry.com/images/SimplyClosets-WalkIn_2.webp]
[xcraftcabinetry.com/images/calacatta-gold-quartz.png]
[xcraftcabinetry.com/images/611t3UP1djL._AC_UF894,1000_QL80_.jpg]
[xcraftcabinetry.com/images/MHW-Lifestyle_square.webp]
[xcraftcabinetry.com/images/types-of-flooring.jpg]
[xcraftcabinetry.com/images/geometric-patterns-mosaics.jpg]
[xcraftcabinetry.com/images/A45ECCFD-5863-4ECC-BF6D-43FAA635ADB4.jpg]
[xcraftcabinetry.com/images/55168F19-D4EA-4067-86D7-F8ACF1A766C3.jpg]
[xcraftcabinetry.com/images/3870.jpg]
[xcraftcabinetry.com/images/IMG_2999.jpg]
[xcraftcabinetry.com/images/IMG_3003.jpg]
[xcraftcabinetry.com/images/Apartment2-3_Original.jpg]
[xcraftcabinetry.com/images/Apartment2-4_Original.jpg]
[xcraftcabinetry.com/images/Apartment2-5_Original.jpg]
[xcraftcabinetry.com/privacy.html]
[xcraftcabinetry.com/terms.html]
[xcraftcabinetry.com/company-policy.html]
[xcraftcabinetry.com/index.html]
[xcraftcabinetry.com/css/style.css]
[xcraftcabinetry.com/js/main.js]
[xcraftcabinetry.com/images/White-Shaker1.webp]
[xcraftcabinetry.com/images/Navy-Shaker2.webp]
[xcraftcabinetry.com/images/Grey-Shaker3.webp]
[xcraftcabinetry.com/images/White-Elegant4.webp]
[xcraftcabinetry.com/images/White-Mellow5.webp]
[xcraftcabinetry.com/images/white-quincy.png]
[xcraftcabinetry.com/images/gray-quincy.png]
[xcraftcabinetry.com/images/NEW.webp]
[xcraftcabinetry.com/images/Untitled+design.webp]
[xcraftcabinetry.com/images/1+LSW.webp]
[xcraftcabinetry.com/images/2.webp]
[xcraftcabinetry.com/images/3.webp]
[xcraftcabinetry.com/images/5+-+new.webp]
[xcraftcabinetry.com/images/3+-+new.webp]
[xcraftcabinetry.com/images/6.webp]
[xcraftcabinetry.com/images/7.webp]
[xcraftcabinetry.com/images/Aspen-door.webp]
[xcraftcabinetry.com/images/Avalon-x.jpg]
[xcraftcabinetry.com/images/Barley.webp]
[xcraftcabinetry.com/images/Charlton-x2.jpg]
[xcraftcabinetry.com/images/Dover-White-Shaker-x.jpg]
[xcraftcabinetry.com/images/Glacier-x.jpg]
[xcraftcabinetry.com/images/KINSGTON-.webp]
[xcraftcabinetry.com/images/NOVA.webp]
[xcraftcabinetry.com/images/Perla-x2.jpg]
[xcraftcabinetry.com/images/Sedona-x.jpg]
[xcraftcabinetry.com/images/Sierra-2-1.webp]
[xcraftcabinetry.com/images/Sterling-x.jpg]
[xcraftcabinetry.com/images/VISTA.webp]
[xcraftcabinetry.com/images/Wildwood-1.jpg]
[xcraftcabinetry.com/images/gray-stone.webp]
[xcraftcabinetry.com/images/White-stone-.webp]
[xcraftcabinetry.com/images/ac2bd4_94de9337be924dfa88ca99a51dd4f410_mv2_d_2288_4573_s_2.png]
[xcraftcabinetry.com/images/ac2bd4_626a163f388d4750a7d0981ab61d4ed7_mv2_d_2142_4201_s_2.png]
[xcraftcabinetry.com/images/ac2bd4_62790a99568942e2ad05f9f521da4f1e_mv2_d_2142_4201_s_2.png]
[xcraftcabinetry.com/images/ac2bd4_98105c21b4114600820be7734fbe82cd_mv2_d_2142_4201_s_2.png]
[xcraftcabinetry.com/images/ac2bd4_c5442fff5f74423a89a61ddfd96033de_mv2_d_2142_4201_s_2.png]
[xcraftcabinetry.com/images/ac2bd4_dc6a21a41fdf458bba99774d2fb1590f_mv2_d_2142_4201_s_2.png]
[xcraftcabinetry.com/images/147.webp]
[xcraftcabinetry.com/images/IMG_9902.webp]
[xcraftcabinetry.com/images/IMG_9904.webp]
[xcraftcabinetry.com/images/IMG_9905.webp]
[xcraftcabinetry.com/images/IMG_9906.webp]
[xcraftcabinetry.com/images/IMG_9908.webp]
[xcraftcabinetry.com/images/cropped_image.webp]
[xcraftcabinetry.com/images/DMT030-M.webp]
[xcraftcabinetry.com/images/DMT1273-16M.webp]
[xcraftcabinetry.com/images/DMT1273-17M.webp]
[xcraftcabinetry.com/images/DMT1277-06M.webp]
[xcraftcabinetry.com/images/DMT1277-07M.webp]
[xcraftcabinetry.com/images/Screenshot+2025-02-10+101918.webp]
[xcraftcabinetry.com/images/LGT014-H.webp]
[xcraftcabinetry.com/images/LGT014-H-1.webp]
[xcraftcabinetry.com/images/LGT023-H.webp]
[xcraftcabinetry.com/images/LGT338-H.webp]
[xcraftcabinetry.com/images/LGT338-H-1.webp]
[xcraftcabinetry.com/images/LGT370-H.webp]
[xcraftcabinetry.com/images/LGT430-H.webp]
[xcraftcabinetry.com/images/LGT430-H-1.webp]
[xcraftcabinetry.com/images/LGT561-H.webp]
[xcraftcabinetry.com/images/LGT561-H-1.webp]
[xcraftcabinetry.com/images/absolute-black-granite.jpg]
[xcraftcabinetry.com/images/black-forest-granite.jpg]
[xcraftcabinetry.com/images/black-galaxy-granite.jpg]
[xcraftcabinetry.com/images/black-pearl-granite.jpg]
[xcraftcabinetry.com/images/blue-pearl-granite.jpg]
[xcraftcabinetry.com/images/colonial-white-granite.jpg]
[xcraftcabinetry.com/images/giallo-ornamental-granite.jpg]
[xcraftcabinetry.com/images/gran-valle-granite.jpg]
[xcraftcabinetry.com/images/luna-pearl-granite.jpg]
[xcraftcabinetry.com/images/premium-black-granite.jpg]
[xcraftcabinetry.com/images/santa-cecilia-lc-granite.jpg]
[xcraftcabinetry.com/images/silver-waves-granite.jpg]
[xcraftcabinetry.com/images/solarius-granite.jpg]
[xcraftcabinetry.com/images/typhoon-bordeaux-granite.jpg]
[xcraftcabinetry.com/images/ubatuba-granite.jpg]
[xcraftcabinetry.com/images/white-ice-granite.jpg]
[xcraftcabinetry.com/images/white-napoli-granite.jpg]
[xcraftcabinetry.com/images/white-ornamental-granite.jpg]
[xcraftcabinetry.com/images/white-sand-granite.jpg]
[xcraftcabinetry.com/images/white-sparkle-granite.jpg]
[xcraftcabinetry.com/images/white-spring-granite.jpg]
[xcraftcabinetry.com/images/white-valley-granite.jpg]
[xcraftcabinetry.com/images/white-wave-granite.jpg]
[xcraftcabinetry.com/images/arctic-white-quartz.jpg]
[xcraftcabinetry.com/images/calacatta-abezzo-quartz.jpg]
[xcraftcabinetry.com/images/calacatta-idillio-quartz.jpg]
[xcraftcabinetry.com/images/calacatta-laza-oro-quartz.jpg]
[xcraftcabinetry.com/images/calacatta-lumanyx-quartz.jpg]
[xcraftcabinetry.com/images/fairy-white-quartz.jpg]
[xcraftcabinetry.com/images/marquina-midnight-quartz.jpg]
[xcraftcabinetry.com/images/perla-white-quartz.jpg]
[xcraftcabinetry.com/images/sparkling-black-quartz.jpg]
[xcraftcabinetry.com/images/sparkling-white-quartz.jpg]
[xcraftcabinetry.com/images/statuary-classique-quartz.jpg]
[xcraftcabinetry.com/images/absolute-white-marble.jpg]
[xcraftcabinetry.com/images/arabescus-white-marble.jpg]
[xcraftcabinetry.com/images/calacatta-marble.jpg]
[xcraftcabinetry.com/images/carrara-white-marble.jpg]
[xcraftcabinetry.com/images/elegant-white-marble.jpg]
[xcraftcabinetry.com/images/fantasy-brown-marble.jpg]
[xcraftcabinetry.com/images/fantasy-river-marble.jpg]
[xcraftcabinetry.com/images/fantasy-white-marble.jpg]
[xcraftcabinetry.com/images/portinari-thumb.jpg]
[xcraftcabinetry.com/images/super-white-marble.jpg]
[xcraftcabinetry.com/images/acquatic.jpg]
[xcraftcabinetry.com/images/allure-quartzite.jpg]
[xcraftcabinetry.com/images/andes-black-quartzite.jpg]
[xcraftcabinetry.com/images/audacia-quartzite.jpg]
[xcraftcabinetry.com/images/belvedere-quartzite.jpg]
[xcraftcabinetry.com/images/blue-fusion.jpg]
[xcraftcabinetry.com/images/calacatta-macaubas-quartzite.jpg]
[xcraftcabinetry.com/images/cristallo-quartzite.jpg]
[xcraftcabinetry.com/images/platinum-black-quartzite.jpg]
[xcraftcabinetry.com/images/platinum-gray.png]
[xcraftcabinetry.com/images/taj-mahal-quartzite.jpg]
[xcraftcabinetry.com/images/zermat-quartzite.jpg]
[xcraftcabinetry.com/images/686e7e16e10c1ae4e9a0729e_stellarquartzlogo.png]
[xcraftcabinetry.com/images/686e7e3fcf5e2d729bffeb88_emerstone-quartz.webp]
[xcraftcabinetry.com/images/686e7e213e32077c52b4e34f_spectrum-logo.png]
[xcraftcabinetry.com/images/686e82781d8548af3082dd83_DSI_formica.webp]
[xcraftcabinetry.com/images/686e7ec0f5baf11f82ca41c9_RS-Logo.webp]
[xcraftcabinetry.com/images/686e7e348145af9cd4519dc6_LOGO-GFO-STONE-300x205.webp]
[xcraftcabinetry.com/images/66d9f646e3fcbfb4f5f8f995_MSI-Logo.webp]
[xcraftcabinetry.com/images/686e7e2c75c55ac3239b25b1_images.jpg]
[xcraftcabinetry.com/images/686e82bafb705f28177e87b8_Wilsonart_ES-01.png]
[xcraftcabinetry.com/images/download.png]
[xcraftcabinetry.com/images/calcatta-serra-vinyl-flooring.jpg]
[xcraftcabinetry.com/images/acclima-mt-sande-vinyl-flooring.jpg]
[xcraftcabinetry.com/images/acclima-waldorf-vinyl-flooring.jpg]
[xcraftcabinetry.com/images/bellamy-brooks-vinyl-flooring.jpg]
[xcraftcabinetry.com/images/cyrus-2-austell-grove-vinyl-flooring.jpg]
[xcraftcabinetry.com/images/cyrus-cranton-vinyl-plank-flooring.jpg]
[xcraftcabinetry.com/images/cyrus-dunite-oak-vinyl-flooring.jpg]
[xcraftcabinetry.com/images/cyrus-ryder-vinyl-flooring.jpg]
[xcraftcabinetry.com/images/cyrus-woburn-vinyl-plank-flooring.jpg]
[xcraftcabinetry.com/images/dulles-tails-cyrus-2.0-vinyl-flooring.jpg]
[xcraftcabinetry.com/images/kingsdown-gray-vinyl-flooring.jpg]
[xcraftcabinetry.com/images/prescott-finely-vinyl-flooring.jpg]
[xcraftcabinetry.com/images/beige-architecta.jpg]
[xcraftcabinetry.com/images/celtic-aqua-2x18-glossy-flamenco.jpg]
[xcraftcabinetry.com/images/graphite-architecta.jpg]
[xcraftcabinetry.com/images/placero-oak-porcelain.jpg]
[xcraftcabinetry.com/images/placero-timber-porcelain.jpg]
[xcraftcabinetry.com/images/quercia.jpg]
[xcraftcabinetry.com/images/sequoia.jpg]
[xcraftcabinetry.com/images/arabascato-visio-matte-bookmatched-porcelain.jpg]
[xcraftcabinetry.com/images/basaltina-nera-matte-porcelain.jpg]
[xcraftcabinetry.com/images/calacatta-corrinna-porcelain.jpg]
[xcraftcabinetry.com/images/calacatta-fiorella-porcelain.jpg]
[xcraftcabinetry.com/images/calacatta-isla-polished-porcelain.jpg]
[xcraftcabinetry.com/images/calacatta-lucca-matte-porcelain.jpg]
[xcraftcabinetry.com/images/calacatta-marbella-polished-porcelain.jpg]
[xcraftcabinetry.com/images/calacatta-montasia-porcelain.jpg]
[xcraftcabinetry.com/images/calacatta-prici-porcelain.jpg]
[xcraftcabinetry.com/images/carrara-polished-porcelain.jpg]
[xcraftcabinetry.com/images/cement-ash-matte-porcelain.jpg]
[xcraftcabinetry.com/images/cristallo-polished-12mm-slabs-porcelain.jpg]
[xcraftcabinetry.com/images/ice-onyx-book-matched-12mm-polished.jpg]
[xcraftcabinetry.com/images/pietra-grigio-matte-porcelain.jpg]
[xcraftcabinetry.com/images/statuario-bianco.jpg]
[xcraftcabinetry.com/images/statuario-gold.jpg]
[xcraftcabinetry.com/images/statuario-silver.jpg]
[xcraftcabinetry.com/images/taja-perla-matte-porcelain.jpg]
[xcraftcabinetry.com/images/gritzo-almond-arterra-pavers-porcelain.jpg]
[xcraftcabinetry.com/images/gritzo-salt-arterra-pavers-porcelain.jpg]
[xcraftcabinetry.com/images/vortexa-champagne-arterra-pavers.jpg]
[xcraftcabinetry.com/images/vortexa-ivory-arterra-pavers.jpg]
[xcraftcabinetry.com/images/vortexa-silver-arterra-pavers.jpg]
[xcraftcabinetry.com/images/66d9f6bb270dc1416a338f08_floor_Logo_1.png]
[xcraftcabinetry.com/images/686fc50d6641dec14bf61cfd_everlife-lvt-logo.png]
[xcraftcabinetry.com/images/download 2.png]
[xcraftcabinetry.com/images/zest-star.jpg]
[xcraftcabinetry.com/images/abani-subway.jpg]
[xcraftcabinetry.com/images/acoustic-umber-wood-slat-tile.jpg]
[xcraftcabinetry.com/images/angora-rhombus-polished.jpg]
[xcraftcabinetry.com/images/capri-blue-valentino-fluto-12x24-honed.jpg]
[xcraftcabinetry.com/images/carrara-white-ellipsis-polished-10mm.jpg]
[xcraftcabinetry.com/images/chocolate-gems.jpg]
[xcraftcabinetry.com/images/citadel-gold-trident.jpg]
[xcraftcabinetry.com/images/cloudland-round-pattern-polished.jpg]
[xcraftcabinetry.com/images/crema-arched-herringbone-polished.jpg]
[xcraftcabinetry.com/images/folk-sky.jpg]
[xcraftcabinetry.com/images/gerata-zaria-porcelain.jpg]
[xcraftcabinetry.com/images/gia-zaria-porcelain.jpg]
[xcraftcabinetry.com/images/glacier-pearl.jpg]
[xcraftcabinetry.com/images/medici-gold-pattern.jpg]
[xcraftcabinetry.com/images/montauk-black-subway-tile-4x12.jpg]
[xcraftcabinetry.com/images/piano-arena.jpg]
[xcraftcabinetry.com/images/piano-ceniza.jpg]
[xcraftcabinetry.com/images/renzo-jade-25x13-pickett.jpg]
[xcraftcabinetry.com/images/silver-travertine-stacked-stone-panels.jpg]
[xcraftcabinetry.com/images/statuario-celano-picket-6mm.jpg]
[xcraftcabinetry.com/images/urban-wave-lapis-3mm.jpg]
[xcraftcabinetry.com/images/urbano-crema-3d-mix.jpg]
[xcraftcabinetry.com/images/urbanslat-oak-16x48.jpg]
[xcraftcabinetry.com/images/verona-gold-pattern.jpg]
[xcraftcabinetry.com/images/victorian-light-arabesque-8mm.jpg]
[xcraftcabinetry.com/images/whistler-ice-interlocking-8mm.jpg]
[xcraftcabinetry.com/images/white-glossy-fish-scale-mosaic.jpg]
[xcraftcabinetry.com/images/white-subway-tile-3x6.jpg]
[xcraftcabinetry.com/images/white-subway-tile-beveled-3x6.jpg]
[xcraftcabinetry.com/images/zest-sky-2.5x8.jpg]
[xcraftcabinetry.com/products.html]
[xcraftcabinetry.com/specification.html]
[xcraftcabinetry.com/portfolio.html]
[xcraftcabinetry.com/about.html]
[xcraftcabinetry.com/faq.html]
[xcraftcabinetry.com/images/Lucca-p3.jpg]
[xcraftcabinetry.com/blog.html]
[xcraftcabinetry.com/contact.html]
[xcraftcabinetry.com/quote.html]
[xcraftcabinetry.com/privacy.html]
[xcraftcabinetry.com/terms.html]
[xcraftcabinetry.com/company-policy.html]
